2026-06-10T07:58:02.799+05:30  INFO 2720 --- [user-service] [main] com.ecommerce.user.UserApplication       : Starting UserApplication using Java 21.0.5 with PID 2720 (D:\My Project\Microservices\ecom-microservices\user\target\classes started by singh in D:\My Project\Microservices\ecom-microservices)
2026-06-10T07:58:02.804+05:30 DEBUG 2720 --- [user-service] [main] com.ecommerce.user.UserApplication       : Running with Spring Boot v4.0.5, Spring v7.0.6
2026-06-10T07:58:02.806+05:30  INFO 2720 --- [user-service] [main] com.ecommerce.user.UserApplication       : No active profile set, falling back to 1 default profile: "default"
2026-06-10T07:58:04.983+05:30  INFO 2720 --- [user-service] [main] .s.d.r.c.RepositoryConfigurationDelegate : Bootstrapping Spring Data MongoDB repositories in DEFAULT mode.
2026-06-10T07:58:05.290+05:30  INFO 2720 --- [user-service] [main] .s.d.r.c.RepositoryConfigurationDelegate : Finished Spring Data repository scanning in 265 ms. Found 1 MongoDB repository interface.
2026-06-10T07:58:06.038+05:30  INFO 2720 --- [user-service] [main] o.s.cloud.context.scope.GenericScope     : BeanFactory id=ef1f34a0-03cd-36cd-89b1-176df6eeeb59
2026-06-10T07:58:06.849+05:30  INFO 2720 --- [user-service] [main] o.s.boot.tomcat.TomcatWebServer          : Tomcat initialized with port 8082 (http)
2026-06-10T07:58:06.881+05:30  INFO 2720 --- [user-service] [main] o.apache.catalina.core.StandardService   : Starting service [Tomcat]
2026-06-10T07:58:06.882+05:30  INFO 2720 --- [user-service] [main] o.apache.catalina.core.StandardEngine    : Starting Servlet engine: [Apache Tomcat/11.0.20]
2026-06-10T07:58:07.002+05:30  INFO 2720 --- [user-service] [main] b.w.c.s.WebApplicationContextInitializer : Root WebApplicationContext: initialization completed in 4029 ms
2026-06-10T07:58:07.512+05:30  INFO 2720 --- [user-service] [main] org.mongodb.driver.client                : MongoClient with metadata {"driver": {"name": "mongo-java-driver|sync", "version": "5.6.4"}, "os": {"type": "Windows", "name": "Windows 11", "architecture": "amd64", "version": "10.0"}, "platform": "Java/Eclipse Adoptium/21.0.5+11-LTS"} created with settings MongoClientSettings{readPreference=primary, writeConcern=WriteConcern{w=null, wTimeout=null ms, journal=null}, retryWrites=true, retryReads=true, readConcern=ReadConcern{level=null}, credential=null, transportSettings=null, commandListeners=[], codecRegistry=ProvidersCodecRegistry{codecProviders=[ValueCodecProvider{}, BsonValueCodecProvider{}, DBRefCodecProvider{}, DBObjectCodecProvider{}, DocumentCodecProvider{}, CollectionCodecProvider{}, IterableCodecProvider{}, MapCodecProvider{}, GeoJsonCodecProvider{}, GridFSFileCodecProvider{}, Jsr310CodecProvider{}, JsonObjectCodecProvider{}, BsonCodecProvider{}, com.mongodb.client.model.mql.ExpressionCodecProvider@1068176, com.mongodb.Jep395RecordCodecProvider@5bf4764d, com.mongodb.KotlinCodecProvider@71789580, EnumCodecProvider{}]}, loggerSettings=LoggerSettings{maxDocumentLength=1000}, clusterSettings={hosts=[localhost:27017], srvServiceName=mongodb, mode=SINGLE, requiredClusterType=UNKNOWN, requiredReplicaSetName='null', serverSelector='null', clusterListeners='[]', serverSelectionTimeout='30000 ms', localThreshold='15 ms'}, socketSettings=SocketSettings{connectTimeoutMS=10000, readTimeoutMS=0, receiveBufferSize=0, proxySettings=ProxySettings{host=null, port=null, username=null, password=null}}, heartbeatSocketSettings=SocketSettings{connectTimeoutMS=10000, readTimeoutMS=10000, receiveBufferSize=0, proxySettings=ProxySettings{host=null, port=null, username=null, password=null}}, connectionPoolSettings=ConnectionPoolSettings{maxSize=100, minSize=0, maxWaitTimeMS=120000, maxConnectionLifeTimeMS=0, maxConnectionIdleTimeMS=0, maintenanceInitialDelayMS=0, maintenanceFrequencyMS=60000, connectionPoolListeners=[], maxConnecting=2}, serverSettings=ServerSettings{heartbeatFrequencyMS=10000, minHeartbeatFrequencyMS=500, serverMonitoringMode=AUTO, serverListeners='[]', serverMonitorListeners='[]'}, sslSettings=SslSettings{enabled=false, invalidHostNameAllowed=false, context=null}, applicationName='null', compressorList=[], uuidRepresentation=UNSPECIFIED, serverApi=null, autoEncryptionSettings=null, dnsClient=null, inetAddressResolver=null, contextProvider=null, timeoutMS=null}
2026-06-10T07:58:07.573+05:30  INFO 2720 --- [user-service] [cluster-ClusterId{value='6a28cbb73cb59cd43dc48c28', description='null'}-localhost:27017] org.mongodb.driver.cluster               : Monitor thread successfully connected to server with description ServerDescription{address=localhost:27017, type=STANDALONE, cryptd=false, state=CONNECTED, ok=true, minWireVersion=0, maxWireVersion=25, maxDocumentSize=16777216, logicalSessionTimeoutMinutes=30, roundTripTimeNanos=76819700, minRoundTripTimeNanos=0}
2026-06-10T07:58:10.390+05:30  INFO 2720 --- [user-service] [main] DiscoveryClientOptionalArgsConfiguration : Eureka HTTP Client uses RestClient.
2026-06-10T07:58:10.548+05:30  WARN 2720 --- [user-service] [main] iguration$LoadBalancerCaffeineWarnLogger : Spring Cloud LoadBalancer is currently working with the default cache. While this cache implementation is useful for development and tests, it's recommended to use Caffeine cache in production.You can switch to using Caffeine cache, by adding it and org.springframework.cache.caffeine.CaffeineCacheManager to the classpath.
2026-06-10T07:58:10.620+05:30  INFO 2720 --- [user-service] [main] o.s.c.n.eureka.InstanceInfoFactory       : Setting initial instance status as: STARTING
2026-06-10T07:58:10.690+05:30  INFO 2720 --- [user-service] [main] com.netflix.discovery.DiscoveryClient    : Initializing Eureka in region us-east-1
2026-06-10T07:58:10.695+05:30  INFO 2720 --- [user-service] [main] c.n.d.s.r.aws.ConfigClusterResolver      : Resolving eureka endpoints via configuration
2026-06-10T07:58:10.714+05:30  INFO 2720 --- [user-service] [main] com.netflix.discovery.DiscoveryClient    : Disable delta property : false
2026-06-10T07:58:10.715+05:30  INFO 2720 --- [user-service] [main] com.netflix.discovery.DiscoveryClient    : Single vip registry refresh property : null
2026-06-10T07:58:10.715+05:30  INFO 2720 --- [user-service] [main] com.netflix.discovery.DiscoveryClient    : Force full registry fetch : false
2026-06-10T07:58:10.715+05:30  INFO 2720 --- [user-service] [main] com.netflix.discovery.DiscoveryClient    : Application is null : false
2026-06-10T07:58:10.715+05:30  INFO 2720 --- [user-service] [main] com.netflix.discovery.DiscoveryClient    : Registered Applications size is zero : true
2026-06-10T07:58:10.715+05:30  INFO 2720 --- [user-service] [main] com.netflix.discovery.DiscoveryClient    : Application version is -1: true
2026-06-10T07:58:10.715+05:30  INFO 2720 --- [user-service] [main] com.netflix.discovery.DiscoveryClient    : Getting all instance registry info from the eureka server
2026-06-10T07:58:11.723+05:30  INFO 2720 --- [user-service] [main] com.netflix.discovery.DiscoveryClient    : The response status is 200
2026-06-10T07:58:11.726+05:30  INFO 2720 --- [user-service] [main] com.netflix.discovery.DiscoveryClient    : Starting heartbeat executor: renew interval is: 30
2026-06-10T07:58:11.730+05:30  INFO 2720 --- [user-service] [main] c.n.discovery.InstanceInfoReplicator     : InstanceInfoReplicator onDemand update allowed rate per min is 4
2026-06-10T07:58:11.736+05:30  INFO 2720 --- [user-service] [main] com.netflix.discovery.DiscoveryClient    : Discovery Client initialized at timestamp 1781058491734 with initial instances count: 2
2026-06-10T07:58:11.743+05:30  INFO 2720 --- [user-service] [main] o.s.c.n.e.s.EurekaServiceRegistry        : Registering application USER-SERVICE with eureka with status UP
2026-06-10T07:58:11.744+05:30  INFO 2720 --- [user-service] [main] com.netflix.discovery.DiscoveryClient    : Saw local status change event StatusChangeEvent [timestamp=1781058491744, current=UP, previous=STARTING]
2026-06-10T07:58:11.748+05:30  INFO 2720 --- [user-service] [DiscoveryClient-InstanceInfoReplicator-%d] com.netflix.discovery.DiscoveryClient    : DiscoveryClient_USER-SERVICE/Piyush.mshome.net:user-service:8082: registering service...
2026-06-10T07:58:11.791+05:30  INFO 2720 --- [user-service] [main] o.s.boot.tomcat.TomcatWebServer          : Tomcat started on port 8082 (http) with context path '/'
2026-06-10T07:58:11.794+05:30  INFO 2720 --- [user-service] [main] .s.c.n.e.s.EurekaAutoServiceRegistration : Updating port to 8082
2026-06-10T07:58:11.822+05:30  INFO 2720 --- [user-service] [main] com.ecommerce.user.UserApplication       : Started UserApplication in 10.215 seconds (process running for 11.617)
2026-06-10T07:58:11.837+05:30  INFO 2720 --- [user-service] [DiscoveryClient-InstanceInfoReplicator-%d] com.netflix.discovery.DiscoveryClient    : DiscoveryClient_USER-SERVICE/Piyush.mshome.net:user-service:8082 - registration status: 204
2026-06-10T07:59:40.028+05:30  INFO 2720 --- [user-service] [http-nio-8082-exec-1] o.a.c.c.C.[Tomcat].[localhost].[/]       : Initializing Spring DispatcherServlet 'dispatcherServlet'
2026-06-10T07:59:40.029+05:30  INFO 2720 --- [user-service] [http-nio-8082-exec-1] o.s.web.servlet.DispatcherServlet        : Initializing Servlet 'dispatcherServlet'
2026-06-10T07:59:40.031+05:30  INFO 2720 --- [user-service] [http-nio-8082-exec-1] o.s.web.servlet.DispatcherServlet        : Completed initialization in 2 ms
2026-06-10T07:59:40.121+05:30  INFO 2720 --- [user-service] [http-nio-8082-exec-1] c.e.user.controller.UserController       : Request received for user: 6a250677c9c4f3b83eab5e8f
2026-06-10T07:59:40.121+05:30 TRACE 2720 --- [user-service] [http-nio-8082-exec-1] c.e.user.controller.UserController       : This is TRACE level - Very Detailed logs
2026-06-10T07:59:40.121+05:30 DEBUG 2720 --- [user-service] [http-nio-8082-exec-1] c.e.user.controller.UserController       : This is DEBUG level - Used for development debugging
2026-06-10T07:59:40.121+05:30  INFO 2720 --- [user-service] [http-nio-8082-exec-1] c.e.user.controller.UserController       : This is INFO level - General System Information
2026-06-10T07:59:40.121+05:30  WARN 2720 --- [user-service] [http-nio-8082-exec-1] c.e.user.controller.UserController       : This is WARN level - Something might be wrong
2026-06-10T07:59:40.121+05:30 ERROR 2720 --- [user-service] [http-nio-8082-exec-1] c.e.user.controller.UserController       : This is ERROR level - Something failed
2026-06-10T08:02:22.385+05:30  INFO 2720 --- [user-service] [SpringApplicationShutdownHook] o.s.c.n.e.s.EurekaServiceRegistry        : Unregistering application USER-SERVICE with eureka with status DOWN
2026-06-10T08:02:22.385+05:30  INFO 2720 --- [user-service] [SpringApplicationShutdownHook] com.netflix.discovery.DiscoveryClient    : Saw local status change event StatusChangeEvent [timestamp=1781058742385, current=DOWN, previous=UP]
2026-06-10T08:02:22.386+05:30  INFO 2720 --- [user-service] [DiscoveryClient-InstanceInfoReplicator-%d] com.netflix.discovery.DiscoveryClient    : DiscoveryClient_USER-SERVICE/Piyush.mshome.net:user-service:8082: registering service...
2026-06-10T08:02:22.390+05:30  INFO 2720 --- [user-service] [SpringApplicationShutdownHook] o.s.boot.tomcat.GracefulShutdown         : Commencing graceful shutdown. Waiting for active requests to complete
2026-06-10T08:02:22.400+05:30  INFO 2720 --- [user-service] [DiscoveryClient-InstanceInfoReplicator-%d] com.netflix.discovery.DiscoveryClient    : DiscoveryClient_USER-SERVICE/Piyush.mshome.net:user-service:8082 - registration status: 204
2026-06-10T08:02:22.407+05:30  INFO 2720 --- [user-service] [tomcat-shutdown] o.s.boot.tomcat.GracefulShutdown         : Graceful shutdown complete
2026-06-10T08:02:22.426+05:30  INFO 2720 --- [user-service] [SpringApplicationShutdownHook] com.netflix.discovery.DiscoveryClient    : Shutting down DiscoveryClient ...
2026-06-10T08:02:25.442+05:30  INFO 2720 --- [user-service] [SpringApplicationShutdownHook] com.netflix.discovery.DiscoveryClient    : Unregistering ...
2026-06-10T08:02:25.461+05:30  INFO 2720 --- [user-service] [SpringApplicationShutdownHook] com.netflix.discovery.DiscoveryClient    : DiscoveryClient_USER-SERVICE/Piyush.mshome.net:user-service:8082 - deregister  status: 200
2026-06-10T08:02:25.462+05:30  INFO 2720 --- [user-service] [SpringApplicationShutdownHook] com.netflix.discovery.DiscoveryClient    : Completed shut down of DiscoveryClient
2026-06-10T08:02:31.921+05:30  INFO 484 --- [user-service] [main] com.ecommerce.user.UserApplication       : Starting UserApplication using Java 21.0.5 with PID 484 (D:\My Project\Microservices\ecom-microservices\user\target\classes started by singh in D:\My Project\Microservices\ecom-microservices)
2026-06-10T08:02:31.934+05:30 DEBUG 484 --- [user-service] [main] com.ecommerce.user.UserApplication       : Running with Spring Boot v4.0.5, Spring v7.0.6
2026-06-10T08:02:31.935+05:30  INFO 484 --- [user-service] [main] com.ecommerce.user.UserApplication       : No active profile set, falling back to 1 default profile: "default"
2026-06-10T08:02:33.928+05:30  INFO 484 --- [user-service] [main] .s.d.r.c.RepositoryConfigurationDelegate : Bootstrapping Spring Data MongoDB repositories in DEFAULT mode.
2026-06-10T08:02:34.197+05:30  INFO 484 --- [user-service] [main] .s.d.r.c.RepositoryConfigurationDelegate : Finished Spring Data repository scanning in 229 ms. Found 1 MongoDB repository interface.
2026-06-10T08:02:34.848+05:30  INFO 484 --- [user-service] [main] o.s.cloud.context.scope.GenericScope     : BeanFactory id=ef1f34a0-03cd-36cd-89b1-176df6eeeb59
2026-06-10T08:02:35.590+05:30  INFO 484 --- [user-service] [main] o.s.boot.tomcat.TomcatWebServer          : Tomcat initialized with port 8082 (http)
2026-06-10T08:02:35.610+05:30  INFO 484 --- [user-service] [main] o.apache.catalina.core.StandardService   : Starting service [Tomcat]
2026-06-10T08:02:35.610+05:30  INFO 484 --- [user-service] [main] o.apache.catalina.core.StandardEngine    : Starting Servlet engine: [Apache Tomcat/11.0.20]
2026-06-10T08:02:35.697+05:30  INFO 484 --- [user-service] [main] b.w.c.s.WebApplicationContextInitializer : Root WebApplicationContext: initialization completed in 3606 ms
2026-06-10T08:02:36.306+05:30  INFO 484 --- [user-service] [main] org.mongodb.driver.client                : MongoClient with metadata {"driver": {"name": "mongo-java-driver|sync", "version": "5.6.4"}, "os": {"type": "Windows", "name": "Windows 11", "architecture": "amd64", "version": "10.0"}, "platform": "Java/Eclipse Adoptium/21.0.5+11-LTS"} created with settings MongoClientSettings{readPreference=primary, writeConcern=WriteConcern{w=null, wTimeout=null ms, journal=null}, retryWrites=true, retryReads=true, readConcern=ReadConcern{level=null}, credential=null, transportSettings=null, commandListeners=[], codecRegistry=ProvidersCodecRegistry{codecProviders=[ValueCodecProvider{}, BsonValueCodecProvider{}, DBRefCodecProvider{}, DBObjectCodecProvider{}, DocumentCodecProvider{}, CollectionCodecProvider{}, IterableCodecProvider{}, MapCodecProvider{}, GeoJsonCodecProvider{}, GridFSFileCodecProvider{}, Jsr310CodecProvider{}, JsonObjectCodecProvider{}, BsonCodecProvider{}, com.mongodb.client.model.mql.ExpressionCodecProvider@3e03046d, com.mongodb.Jep395RecordCodecProvider@9b3be1c, com.mongodb.KotlinCodecProvider@74e497ae, EnumCodecProvider{}]}, loggerSettings=LoggerSettings{maxDocumentLength=1000}, clusterSettings={hosts=[localhost:27017], srvServiceName=mongodb, mode=SINGLE, requiredClusterType=UNKNOWN, requiredReplicaSetName='null', serverSelector='null', clusterListeners='[]', serverSelectionTimeout='30000 ms', localThreshold='15 ms'}, socketSettings=SocketSettings{connectTimeoutMS=10000, readTimeoutMS=0, receiveBufferSize=0, proxySettings=ProxySettings{host=null, port=null, username=null, password=null}}, heartbeatSocketSettings=SocketSettings{connectTimeoutMS=10000, readTimeoutMS=10000, receiveBufferSize=0, proxySettings=ProxySettings{host=null, port=null, username=null, password=null}}, connectionPoolSettings=ConnectionPoolSettings{maxSize=100, minSize=0, maxWaitTimeMS=120000, maxConnectionLifeTimeMS=0, maxConnectionIdleTimeMS=0, maintenanceInitialDelayMS=0, maintenanceFrequencyMS=60000, connectionPoolListeners=[], maxConnecting=2}, serverSettings=ServerSettings{heartbeatFrequencyMS=10000, minHeartbeatFrequencyMS=500, serverMonitoringMode=AUTO, serverListeners='[]', serverMonitorListeners='[]'}, sslSettings=SslSettings{enabled=false, invalidHostNameAllowed=false, context=null}, applicationName='null', compressorList=[], uuidRepresentation=UNSPECIFIED, serverApi=null, autoEncryptionSettings=null, dnsClient=null, inetAddressResolver=null, contextProvider=null, timeoutMS=null}
2026-06-10T08:02:36.332+05:30  INFO 484 --- [user-service] [cluster-ClusterId{value='6a28ccc4b6527890db2140b8', description='null'}-localhost:27017] org.mongodb.driver.cluster               : Monitor thread successfully connected to server with description ServerDescription{address=localhost:27017, type=STANDALONE, cryptd=false, state=CONNECTED, ok=true, minWireVersion=0, maxWireVersion=25, maxDocumentSize=16777216, logicalSessionTimeoutMinutes=30, roundTripTimeNanos=53666100, minRoundTripTimeNanos=0}
2026-06-10T08:02:38.603+05:30  INFO 484 --- [user-service] [main] DiscoveryClientOptionalArgsConfiguration : Eureka HTTP Client uses RestClient.
2026-06-10T08:02:38.675+05:30  WARN 484 --- [user-service] [main] iguration$LoadBalancerCaffeineWarnLogger : Spring Cloud LoadBalancer is currently working with the default cache. While this cache implementation is useful for development and tests, it's recommended to use Caffeine cache in production.You can switch to using Caffeine cache, by adding it and org.springframework.cache.caffeine.CaffeineCacheManager to the classpath.
2026-06-10T08:02:38.726+05:30  INFO 484 --- [user-service] [main] o.s.c.n.eureka.InstanceInfoFactory       : Setting initial instance status as: STARTING
2026-06-10T08:02:38.763+05:30  INFO 484 --- [user-service] [main] com.netflix.discovery.DiscoveryClient    : Initializing Eureka in region us-east-1
2026-06-10T08:02:38.770+05:30  INFO 484 --- [user-service] [main] c.n.d.s.r.aws.ConfigClusterResolver      : Resolving eureka endpoints via configuration
2026-06-10T08:02:38.787+05:30  INFO 484 --- [user-service] [main] com.netflix.discovery.DiscoveryClient    : Disable delta property : false
2026-06-10T08:02:38.788+05:30  INFO 484 --- [user-service] [main] com.netflix.discovery.DiscoveryClient    : Single vip registry refresh property : null
2026-06-10T08:02:38.788+05:30  INFO 484 --- [user-service] [main] com.netflix.discovery.DiscoveryClient    : Force full registry fetch : false
2026-06-10T08:02:38.788+05:30  INFO 484 --- [user-service] [main] com.netflix.discovery.DiscoveryClient    : Application is null : false
2026-06-10T08:02:38.788+05:30  INFO 484 --- [user-service] [main] com.netflix.discovery.DiscoveryClient    : Registered Applications size is zero : true
2026-06-10T08:02:38.788+05:30  INFO 484 --- [user-service] [main] com.netflix.discovery.DiscoveryClient    : Application version is -1: true
2026-06-10T08:02:38.788+05:30  INFO 484 --- [user-service] [main] com.netflix.discovery.DiscoveryClient    : Getting all instance registry info from the eureka server
2026-06-10T08:02:39.528+05:30  INFO 484 --- [user-service] [main] com.netflix.discovery.DiscoveryClient    : The response status is 200
2026-06-10T08:02:39.531+05:30  INFO 484 --- [user-service] [main] com.netflix.discovery.DiscoveryClient    : Starting heartbeat executor: renew interval is: 30
2026-06-10T08:02:39.534+05:30  INFO 484 --- [user-service] [main] c.n.discovery.InstanceInfoReplicator     : InstanceInfoReplicator onDemand update allowed rate per min is 4
2026-06-10T08:02:39.537+05:30  INFO 484 --- [user-service] [main] com.netflix.discovery.DiscoveryClient    : Discovery Client initialized at timestamp 1781058759536 with initial instances count: 2
2026-06-10T08:02:39.541+05:30  INFO 484 --- [user-service] [main] o.s.c.n.e.s.EurekaServiceRegistry        : Registering application USER-SERVICE with eureka with status UP
2026-06-10T08:02:39.542+05:30  INFO 484 --- [user-service] [main] com.netflix.discovery.DiscoveryClient    : Saw local status change event StatusChangeEvent [timestamp=1781058759542, current=UP, previous=STARTING]
2026-06-10T08:02:39.547+05:30  INFO 484 --- [user-service] [DiscoveryClient-InstanceInfoReplicator-%d] com.netflix.discovery.DiscoveryClient    : DiscoveryClient_USER-SERVICE/Piyush.mshome.net:user-service:8082: registering service...
2026-06-10T08:02:39.576+05:30  INFO 484 --- [user-service] [main] o.s.boot.tomcat.TomcatWebServer          : Tomcat started on port 8082 (http) with context path '/'
2026-06-10T08:02:39.578+05:30  INFO 484 --- [user-service] [main] .s.c.n.e.s.EurekaAutoServiceRegistration : Updating port to 8082
2026-06-10T08:02:39.596+05:30  INFO 484 --- [user-service] [main] com.ecommerce.user.UserApplication       : Started UserApplication in 8.797 seconds (process running for 10.034)
2026-06-10T08:02:39.607+05:30  INFO 484 --- [user-service] [DiscoveryClient-InstanceInfoReplicator-%d] com.netflix.discovery.DiscoveryClient    : DiscoveryClient_USER-SERVICE/Piyush.mshome.net:user-service:8082 - registration status: 204
2026-06-10T08:04:32.520+05:30  INFO 484 --- [user-service] [SpringApplicationShutdownHook] o.s.c.n.e.s.EurekaServiceRegistry        : Unregistering application USER-SERVICE with eureka with status DOWN
2026-06-10T08:04:32.521+05:30  INFO 484 --- [user-service] [SpringApplicationShutdownHook] com.netflix.discovery.DiscoveryClient    : Saw local status change event StatusChangeEvent [timestamp=1781058872521, current=DOWN, previous=UP]
2026-06-10T08:04:32.522+05:30  INFO 484 --- [user-service] [DiscoveryClient-InstanceInfoReplicator-%d] com.netflix.discovery.DiscoveryClient    : DiscoveryClient_USER-SERVICE/Piyush.mshome.net:user-service:8082: registering service...
2026-06-10T08:04:32.530+05:30  INFO 484 --- [user-service] [SpringApplicationShutdownHook] o.s.boot.tomcat.GracefulShutdown         : Commencing graceful shutdown. Waiting for active requests to complete
2026-06-10T08:04:32.548+05:30  INFO 484 --- [user-service] [DiscoveryClient-InstanceInfoReplicator-%d] com.netflix.discovery.DiscoveryClient    : DiscoveryClient_USER-SERVICE/Piyush.mshome.net:user-service:8082 - registration status: 204
2026-06-10T08:04:32.551+05:30  INFO 484 --- [user-service] [tomcat-shutdown] o.s.boot.tomcat.GracefulShutdown         : Graceful shutdown complete
2026-06-10T08:04:32.567+05:30  INFO 484 --- [user-service] [SpringApplicationShutdownHook] com.netflix.discovery.DiscoveryClient    : Shutting down DiscoveryClient ...
2026-06-10T08:04:35.570+05:30  INFO 484 --- [user-service] [SpringApplicationShutdownHook] com.netflix.discovery.DiscoveryClient    : Unregistering ...
2026-06-10T08:04:35.589+05:30  INFO 484 --- [user-service] [SpringApplicationShutdownHook] com.netflix.discovery.DiscoveryClient    : DiscoveryClient_USER-SERVICE/Piyush.mshome.net:user-service:8082 - deregister  status: 200
2026-06-10T08:04:35.590+05:30  INFO 484 --- [user-service] [SpringApplicationShutdownHook] com.netflix.discovery.DiscoveryClient    : Completed shut down of DiscoveryClient
